// Vitest Snapshot v1, https://vitest.dev/guide/snapshot.html

exports[`HeaderGestionnaire snapshot > render snapshot stable 1`] = `
"<header data-v-211e8937="" class="header">
  <h1 data-v-211e8937="" class="page-title">Tableau de bord</h1>
  <div data-v-211e8937="" class="header-droite">
    <div data-v-211e8937="" class="notif-wrapper"><button data-v-211e8937="" type="button" class="notif-btn" aria-label="Notifications"><svg data-v-211e8937="" width="20" height="20" viewBox="0 0 24 24" fill="none" stroke="currentColor" stroke-width="2" stroke-linecap="round" stroke-linejoin="round">
          <path data-v-211e8937="" d="M18 8A6 6 0 0 0 6 8c0 7-3 9-3 9h18s-3-2-3-9"></path>
          <path data-v-211e8937="" d="M13.73 21a2 2 0 0 1-3.46 0"></path>
        </svg></button>
      <!--v-if-->
      <!--v-if-->
    </div>
    <div class="user-profile" data-v-211e8937="">
      <div class="avatar" data-v-211e8937=""><svg width="18" height="18" viewBox="0 0 24 24" fill="none" stroke="currentColor" stroke-width="2" stroke-linecap="round" stroke-linejoin="round" data-v-211e8937="">
          <path d="M20 21v-2a4 4 0 0 0-4-4H8a4 4 0 0 0-4 4v2" data-v-211e8937=""></path>
          <circle cx="12" cy="7" r="4" data-v-211e8937=""></circle>
        </svg></div><span class="user-name" data-v-211e8937="">Awa Sarr</span>
    </div>
  </div>
</header>"
`;
